// Jest Snapshot v1, https://goo.gl/fbAQLP

exports[`GameWithHooks test cases Render behaviour Render game field by default 1`] = `
<DocumentFragment>
  <div
    class="css-1ct4owg"
  >
    <header
      class="css-dn2347"
    >
      <h1
        class="css-18kvaxm"
      >
        Minesweeper
      </h1>
      <legend
        class="css-17qz6a2"
      >
        <strong>
          Flag: 
        </strong>
        <code
          class="css-12ap3z0"
        >
          <span
            class="css-udfepp"
          >
            right click
          </span>
           + 
          <span
            class="css-9c23k1"
          />
        </code>
      </legend>
    </header>
    <div
      class="css-1bh93n8"
    >
      <div
        class="css-1n7y7g1"
      >
        <div
          class="css-d2q1pa"
        >
          0
        </div>
        <div>
          <select
            class="css-1lpmfg0"
          >
            <option
              class="css-zcmdxr"
              selected=""
              value="beginner"
            >
              beginner
            </option>
            <option
              class="css-zcmdxr"
              value="intermediate"
            >
              intermediate
            </option>
            <option
              class="css-zcmdxr"
              value="expert"
            >
              expert
            </option>
          </select>
          <button
            class="css-1kb3z2h"
          >
            🙂
          </button>
        </div>
        <div
          class="css-d2q1pa"
        >
          10
        </div>
      </div>
      <div
        class="css-1p4hvro"
      >
        🙁
      </div>
      <div
        class="css-da0epy"
        role="grid"
        size="2"
      >
        <div
          class="css-1tt7j02"
          data-testid="0,0"
          role="cell"
        >
          10
        </div>
        <div
          class="css-1tt7j02"
          data-testid="0,1"
          role="cell"
        >
          10
        </div>
        <div
          class="css-1tt7j02"
          data-testid="1,0"
          role="cell"
        >
          10
        </div>
        <div
          class="css-1tt7j02"
          data-testid="1,1"
          role="cell"
        >
          10
        </div>
      </div>
    </div>
  </div>
</DocumentFragment>
`;
