// Jest Snapshot v1, https://goo.gl/fbAQLP

exports[`Scoreboard test cases Scoreboard check 1`] = `
<DocumentFragment>
  <div
    class="css-1n7y7g1"
  >
    <div
      class="css-d2q1pa"
    >
      0
    </div>
    <div>
      <select
        class="css-1lpmfg0"
      >
        <option
          class="css-zcmdxr"
          selected=""
          value="beginner"
        >
          beginner
        </option>
        <option
          class="css-zcmdxr"
          value="intermediate"
        >
          intermediate
        </option>
        <option
          class="css-zcmdxr"
          value="expert"
        >
          expert
        </option>
      </select>
      <button
        class="css-1kb3z2h"
      >
        ðŸ™‚
      </button>
    </div>
    <div
      class="css-d2q1pa"
    >
      7
    </div>
  </div>
</DocumentFragment>
`;

exports[`Scoreboard test cases Scoreboard check 2`] = `
<DocumentFragment>
  <div
    class="css-1n7y7g1"
  >
    <div
      class="css-d2q1pa"
    >
      0
    </div>
    <div>
      <select
        class="css-1lpmfg0"
      >
        <option
          class="css-zcmdxr"
          selected=""
          value="beginner"
        >
          beginner
        </option>
        <option
          class="css-zcmdxr"
          value="intermediate"
        >
          intermediate
        </option>
        <option
          class="css-zcmdxr"
          value="expert"
        >
          expert
        </option>
      </select>
      <button
        class="css-1kb3z2h"
      >
        ðŸ™‚
      </button>
    </div>
    <div
      class="css-d2q1pa"
    >
      7
    </div>
  </div>
</DocumentFragment>
`;
